net.scrumplex.sprummlbot.Connect -> net.scrumplex.sprummlbot.qgZSyjGOVNPGbBZt5NUv:
    int[] usersPos -> Zv4WpY0X7HBbj6dlrG23
    java.awt.Color color -> B3ZVrvfLQhtD1BGEtWg
    java.awt.Font font -> pU9KwKC2ppIRCaiFhaek
    int[] timePos -> EofATSK3OFqqbRjuc8sf
    int[] datePos -> igA4LVuh1bDai6C7MDC3
    java.awt.image.BufferedImage bufferedImage -> md3nHbhfwh4gUdnF0ILY
    java.text.SimpleDateFormat time -> yKttB8l7Lvtb88ABEzqS
    java.text.SimpleDateFormat date -> Edbw69C30UgVp2ocKByJ
    net.scrumplex.sprummlbot.plugins.CommandManager commandManager -> p3qsLWuGbzc0VpuSX7fl
    net.scrumplex.sprummlbot.core.SprummlbotOutStream out -> qgZSyjGOVNPGbBZt5NUv
    net.scrumplex.sprummlbot.vpn.VPNConfig vpnConfig -> v9d7UHGMLCSrB5nW5P5A
    net.scrumplex.sprummlbot.Connect banner$70d06640 -> GoicqOVehRY68RCP7lXb
    byte[] getNewImageAsBytes() -> qgZSyjGOVNPGbBZt5NUv
    void applyPermissions() -> v9d7UHGMLCSrB5nW5P5A
    net.scrumplex.sprummlbot.plugins.CommandManager access$300() -> GoicqOVehRY68RCP7lXb
    void start() -> Zv4WpY0X7HBbj6dlrG23
net.scrumplex.sprummlbot.Connect$1 -> net.scrumplex.sprummlbot.v9d7UHGMLCSrB5nW5P5A:
    void onConnect(com.github.theholywaffle.teamspeak3.TS3Query) -> onConnect
    void onDisconnect(com.github.theholywaffle.teamspeak3.TS3Query) -> onDisconnect
net.scrumplex.sprummlbot.Connect$1$1 -> net.scrumplex.sprummlbot.GoicqOVehRY68RCP7lXb:
    net.scrumplex.sprummlbot.Sprummlbot val$sprummlbot -> qgZSyjGOVNPGbBZt5NUv
    void handleSuccess(java.lang.Object) -> handleSuccess
net.scrumplex.sprummlbot.Console$1 -> net.scrumplex.sprummlbot.Zv4WpY0X7HBbj6dlrG23:
    void run() -> run
net.scrumplex.sprummlbot.Events -> net.scrumplex.sprummlbot.B3ZVrvfLQhtD1BGEtWg:
    java.util.List clients -> qgZSyjGOVNPGbBZt5NUv
    void start() -> qgZSyjGOVNPGbBZt5NUv
    java.util.List access$000() -> v9d7UHGMLCSrB5nW5P5A
net.scrumplex.sprummlbot.Events$1 -> net.scrumplex.sprummlbot.pU9KwKC2ppIRCaiFhaek:
    com.github.theholywaffle.teamspeak3.TS3ApiAsync val$api -> qgZSyjGOVNPGbBZt5NUv
    net.scrumplex.sprummlbot.Sprummlbot val$sprummlbot -> v9d7UHGMLCSrB5nW5P5A
    void onTextMessage(com.github.theholywaffle.teamspeak3.api.event.TextMessageEvent) -> onTextMessage
    void onServerEdit(com.github.theholywaffle.teamspeak3.api.event.ServerEditedEvent) -> onServerEdit
    void onClientMoved(com.github.theholywaffle.teamspeak3.api.event.ClientMovedEvent) -> onClientMoved
    void onClientLeave(com.github.theholywaffle.teamspeak3.api.event.ClientLeaveEvent) -> onClientLeave
    void onClientJoin(com.github.theholywaffle.teamspeak3.api.event.ClientJoinEvent) -> onClientJoin
    void onChannelEdit(com.github.theholywaffle.teamspeak3.api.event.ChannelEditedEvent) -> onChannelEdit
    void onChannelDescriptionChanged(com.github.theholywaffle.teamspeak3.api.event.ChannelDescriptionEditedEvent) -> onChannelDescriptionChanged
    void onChannelCreate(com.github.theholywaffle.teamspeak3.api.event.ChannelCreateEvent) -> onChannelCreate
    void onChannelDeleted(com.github.theholywaffle.teamspeak3.api.event.ChannelDeletedEvent) -> onChannelDeleted
    void onChannelMoved(com.github.theholywaffle.teamspeak3.api.event.ChannelMovedEvent) -> onChannelMoved
    void onChannelPasswordChanged(com.github.theholywaffle.teamspeak3.api.event.ChannelPasswordChangedEvent) -> onChannelPasswordChanged
    void onPrivilegeKeyUsed(com.github.theholywaffle.teamspeak3.api.event.PrivilegeKeyUsedEvent) -> onPrivilegeKeyUsed
net.scrumplex.sprummlbot.Events$1$1 -> net.scrumplex.sprummlbot.EofATSK3OFqqbRjuc8sf:
    com.github.theholywaffle.teamspeak3.api.event.TextMessageEvent val$e -> qgZSyjGOVNPGbBZt5NUv
    void run() -> run
net.scrumplex.sprummlbot.Events$1$2 -> net.scrumplex.sprummlbot.igA4LVuh1bDai6C7MDC3:
    java.lang.String val$message -> qgZSyjGOVNPGbBZt5NUv
    com.github.theholywaffle.teamspeak3.api.event.TextMessageEvent val$e -> v9d7UHGMLCSrB5nW5P5A
    net.scrumplex.sprummlbot.Events$1 this$0 -> GoicqOVehRY68RCP7lXb
    void handleSuccess(java.lang.Object) -> handleSuccess
net.scrumplex.sprummlbot.Events$1$3 -> net.scrumplex.sprummlbot.md3nHbhfwh4gUdnF0ILY:
    com.github.theholywaffle.teamspeak3.api.event.ServerEditedEvent val$e -> qgZSyjGOVNPGbBZt5NUv
    void handleSuccess(java.lang.Object) -> handleSuccess
net.scrumplex.sprummlbot.Events$2 -> net.scrumplex.sprummlbot.yKttB8l7Lvtb88ABEzqS:
    int[] $SwitchMap$net$scrumplex$sprummlbot$wrapper$CommandResponse -> qgZSyjGOVNPGbBZt5NUv
net.scrumplex.sprummlbot.Main -> net.scrumplex.sprummlbot.Main:
    long startTime -> qgZSyjGOVNPGbBZt5NUv
    void main(java.lang.String[]) -> main
    void shutdown(int) -> qgZSyjGOVNPGbBZt5NUv
    void cleanup() -> v9d7UHGMLCSrB5nW5P5A
    void access$000() -> qgZSyjGOVNPGbBZt5NUv
net.scrumplex.sprummlbot.Main$1 -> net.scrumplex.sprummlbot.Edbw69C30UgVp2ocKByJ:
    void uncaughtException(java.lang.Thread,java.lang.Throwable) -> uncaughtException
net.scrumplex.sprummlbot.Main$2 -> net.scrumplex.sprummlbot.p3qsLWuGbzc0VpuSX7fl:
    void run() -> run
net.scrumplex.sprummlbot.Sprummlbot -> net.scrumplex.sprummlbot.Sprummlbot:
    net.scrumplex.sprummlbot.Sprummlbot sprummlbot -> sprummlbot
    net.scrumplex.sprummlbot.plugins.CommandManager commandManager -> commandManager
    net.scrumplex.sprummlbot.module.ModuleManager moduleManager -> moduleManager
    net.scrumplex.sprummlbot.plugins.PluginManager pluginManager -> pluginManager
    com.github.theholywaffle.teamspeak3.TS3ApiAsync ts3ApiAsync -> ts3ApiAsync
    com.github.theholywaffle.teamspeak3.TS3Api ts3Api -> ts3Api
    net.scrumplex.sprummlbot.service.MainService service -> service
    net.scrumplex.sprummlbot.plugins.events.EventManager mainEventManager -> mainEventManager
    net.scrumplex.sprummlbot.Sprummlbot getSprummlbot() -> getSprummlbot
    net.scrumplex.sprummlbot.plugins.CommandManager getCommandManager() -> getCommandManager
    net.scrumplex.sprummlbot.module.ModuleManager getModuleManager() -> getModuleManager
    net.scrumplex.sprummlbot.plugins.PluginManager getPluginManager() -> getPluginManager
    com.github.theholywaffle.teamspeak3.TS3ApiAsync getAsyncAPI() -> getAsyncAPI
    com.github.theholywaffle.teamspeak3.TS3Api getSyncAPI() -> getSyncAPI
    com.github.theholywaffle.teamspeak3.TS3ApiAsync getDefaultAPI() -> getDefaultAPI
    net.scrumplex.sprummlbot.service.MainService getMainService() -> getMainService
    net.scrumplex.sprummlbot.plugins.events.EventManager getMainEventManager() -> getMainEventManager
    void shutdown() -> shutdown
    void shutdown(int) -> shutdown
    void shutdown(long,java.util.concurrent.TimeUnit) -> shutdown
    void shutdown(int,long,java.util.concurrent.TimeUnit) -> shutdown
    void setCommandManager(net.scrumplex.sprummlbot.plugins.CommandManager) -> setCommandManager
    void setModuleManager(net.scrumplex.sprummlbot.module.ModuleManager) -> setModuleManager
    void setPluginManager(net.scrumplex.sprummlbot.plugins.PluginManager) -> setPluginManager
    void setTS3ApiAsync(com.github.theholywaffle.teamspeak3.TS3ApiAsync) -> setTS3ApiAsync
    void setTS3Api(com.github.theholywaffle.teamspeak3.TS3Api) -> setTS3Api
    void setMainService(net.scrumplex.sprummlbot.service.MainService) -> setMainService
    void setMainEventManager(net.scrumplex.sprummlbot.plugins.events.EventManager) -> setMainEventManager
net.scrumplex.sprummlbot.Sprummlbot$1 -> net.scrumplex.sprummlbot.nsEo5EnMUO99qwl4QERu:
    void run() -> run
net.scrumplex.sprummlbot.Sprummlbot$2 -> net.scrumplex.sprummlbot.uI9oCr52KBbqPYj1dkTi:
    int val$code -> qgZSyjGOVNPGbBZt5NUv
    void run() -> run
net.scrumplex.sprummlbot.SprummlbotCommands$HelpCommandHandler -> net.scrumplex.sprummlbot.FVKjWjKo1YaG6p5uD2qz:
    net.scrumplex.sprummlbot.wrapper.CommandResponse handleCommand(com.github.theholywaffle.teamspeak3.api.wrapper.ClientInfo,java.lang.String[]) -> handleCommand
net.scrumplex.sprummlbot.SprummlbotCommands$LoginCommandHandler -> net.scrumplex.sprummlbot.iJzwYzrQSz7shvm8fphs:
    net.scrumplex.sprummlbot.wrapper.CommandResponse handleCommand(com.github.theholywaffle.teamspeak3.api.wrapper.ClientInfo,java.lang.String[]) -> handleCommand
net.scrumplex.sprummlbot.SprummlbotCommands$SendMSGCommandHandler -> net.scrumplex.sprummlbot.ZtnQliuGasZcPwiwaqtY:
    net.scrumplex.sprummlbot.wrapper.CommandResponse handleCommand(com.github.theholywaffle.teamspeak3.api.wrapper.ClientInfo,java.lang.String[]) -> handleCommand
net.scrumplex.sprummlbot.Startup$1 -> net.scrumplex.sprummlbot.rrY8lUpWo0EKscWTeWv:
    boolean accept(java.io.File,java.lang.String) -> accept
net.scrumplex.sprummlbot.Tasks -> net.scrumplex.sprummlbot.sCYDTepZuATpaFuMmbHk:
    java.util.List tasks -> qgZSyjGOVNPGbBZt5NUv
    void startVPNChecker() -> qgZSyjGOVNPGbBZt5NUv
    void startInternalRunner() -> v9d7UHGMLCSrB5nW5P5A
    void startDynamicBanner() -> GoicqOVehRY68RCP7lXb
    void stopAll() -> Zv4WpY0X7HBbj6dlrG23
net.scrumplex.sprummlbot.Tasks$1 -> net.scrumplex.sprummlbot.DHHdslt4SqYQ1hSj1a4Y:
    void run() -> run
net.scrumplex.sprummlbot.Tasks$1$1 -> net.scrumplex.sprummlbot.On66AkS8ceXPezlDjSWP:
    void handleSuccess(java.lang.Object) -> handleSuccess
net.scrumplex.sprummlbot.Tasks$2 -> net.scrumplex.sprummlbot.aRXnzOtj0HbW58z9PstP:
    void run() -> run
net.scrumplex.sprummlbot.Tasks$3 -> net.scrumplex.sprummlbot.yW0mKT0UXZsbe34ypOS:
    void run() -> run
net.scrumplex.sprummlbot.Updater -> net.scrumplex.sprummlbot.ejLuTcBi46haryMyOdg2:
    java.lang.String link -> qgZSyjGOVNPGbBZt5NUv
    int currentVersion -> v9d7UHGMLCSrB5nW5P5A
    boolean isUpdateAvailable() -> qgZSyjGOVNPGbBZt5NUv
net.scrumplex.sprummlbot.Vars -> net.scrumplex.sprummlbot.N1RPoL3115RtLAmZSBEC:
    java.util.concurrent.ExecutorService EXECUTOR -> qgZSyjGOVNPGbBZt5NUv
    java.util.concurrent.ScheduledExecutorService SERVICE -> v9d7UHGMLCSrB5nW5P5A
    java.util.HashMap AVAILABLE_LOGINS -> GoicqOVehRY68RCP7lXb
    java.lang.String[] LOGIN -> Zv4WpY0X7HBbj6dlrG23
    java.util.Map PERMGROUPASSIGNMENTS -> B3ZVrvfLQhtD1BGEtWg
    java.util.Map PERMGROUPS -> pU9KwKC2ppIRCaiFhaek
    java.lang.String IP -> EofATSK3OFqqbRjuc8sf
    com.github.theholywaffle.teamspeak3.TS3Query QUERY -> igA4LVuh1bDai6C7MDC3
    com.github.theholywaffle.teamspeak3.TS3Query$FloodRate FLOODRATE -> md3nHbhfwh4gUdnF0ILY
    java.lang.String SERVER -> yKttB8l7Lvtb88ABEzqS
    int SERVER_ID -> Edbw69C30UgVp2ocKByJ
    java.lang.String NICK -> p3qsLWuGbzc0VpuSX7fl
    int PORT_SQ -> nsEo5EnMUO99qwl4QERu
    int WEBINTERFACE_PORT -> uI9oCr52KBbqPYj1dkTi
    boolean DYNBANNER_ENABLED -> FVKjWjKo1YaG6p5uD2qz
    java.io.File DYNBANNER_FILE -> iJzwYzrQSz7shvm8fphs
    java.awt.Color DYNBANNER_COLOR -> ZtnQliuGasZcPwiwaqtY
    java.awt.Font DYNBANNER_FONT -> rrY8lUpWo0EKscWTeWv
    byte[] DYNBANNER_GEN -> sCYDTepZuATpaFuMmbHk
    boolean UPDATE_ENABLED -> DHHdslt4SqYQ1hSj1a4Y
    boolean UPDATE_AVAILABLE -> On66AkS8ceXPezlDjSWP
    boolean LOGGER_ENABLED -> aRXnzOtj0HbW58z9PstP
    int DEBUG -> yW0mKT0UXZsbe34ypOS
    int TIMER_TICK -> ejLuTcBi46haryMyOdg2
    boolean CHANGE_FLOOD_SETTINGS -> N1RPoL3115RtLAmZSBEC
    net.scrumplex.sprummlbot.wrapper.State SPRUMMLBOT_STATUS -> YKhAVLTgNnQWH91MuiIE
    int RECONNECT_TIMES -> bB9hALJ0sS7Fwn1l6iX
    net.scrumplex.sprummlbot.config.Configuration clients$2543d70d -> SCn4KarnOxIj3uyjoXJP
    int[] DYNBANNER_TIME_POS -> jEd2DqaxqSeysCT5MmdD
    java.lang.String DYNBANNER_TIME_F -> QtkDVcmfHwTID8TqzPQV
    int[] DYNBANNER_DATE_POS -> GWaZ1COFQq7V1RkHq70f
    java.lang.String DYNBANNER_DATE_F -> Kxo482PXLBDiugCOixLv
    int[] DYNBANNER_USERS_POS -> tcw9GBWU9gzjwmrqZcZ1
    java.lang.String DYNBANNER_USERS_F -> ouh5SXycGFxzLUzvDCj9
    boolean VPNCHECKER_ENABLED -> U7BGYfJ3PqmaifNou2pK
    boolean VPNCHECKER_SAVE -> VhqwrLCa8FV32wM1X25P
    int VPNCHECKER_INTERVAL -> QYyrW0uzBjOiv208k4YE
net.scrumplex.sprummlbot.config.Configuration -> net.scrumplex.sprummlbot.qgZSyjGOVNPGbBZt5NUv.qgZSyjGOVNPGbBZt5NUv:
    java.util.Map clients -> qgZSyjGOVNPGbBZt5NUv
    void load(java.io.File,boolean) -> qgZSyjGOVNPGbBZt5NUv
    void updateClientFlags(int,net.scrumplex.sprummlbot.core.Clients$ClientFlags) -> qgZSyjGOVNPGbBZt5NUv
    net.scrumplex.sprummlbot.core.Clients$ClientFlags getClientFlags(int) -> qgZSyjGOVNPGbBZt5NUv
net.scrumplex.sprummlbot.config.Messages -> net.scrumplex.sprummlbot.qgZSyjGOVNPGbBZt5NUv.v9d7UHGMLCSrB5nW5P5A:
    java.util.HashMap msg -> qgZSyjGOVNPGbBZt5NUv
    void setupLanguage(java.lang.String,boolean) -> qgZSyjGOVNPGbBZt5NUv
    java.lang.String get(java.lang.String) -> qgZSyjGOVNPGbBZt5NUv
net.scrumplex.sprummlbot.config.Permissions -> net.scrumplex.sprummlbot.qgZSyjGOVNPGbBZt5NUv.GoicqOVehRY68RCP7lXb:
    void load(java.io.File,boolean) -> qgZSyjGOVNPGbBZt5NUv
net.scrumplex.sprummlbot.core.Clients$ClientFlags -> net.scrumplex.sprummlbot.v9d7UHGMLCSrB5nW5P5A.qgZSyjGOVNPGbBZt5NUv:
    java.util.Map clientFlags -> qgZSyjGOVNPGbBZt5NUv
    void addClientFlag(net.scrumplex.sprummlbot.core.Clients$DefaultClientFlags) -> qgZSyjGOVNPGbBZt5NUv
    void addClientFlag(net.scrumplex.sprummlbot.core.Clients$DefaultClientFlags,java.lang.Object) -> qgZSyjGOVNPGbBZt5NUv
    void removeClientFlag(net.scrumplex.sprummlbot.core.Clients$DefaultClientFlags) -> v9d7UHGMLCSrB5nW5P5A
    boolean hasFlag(net.scrumplex.sprummlbot.core.Clients$DefaultClientFlags) -> GoicqOVehRY68RCP7lXb
    java.lang.Object getInformation(net.scrumplex.sprummlbot.core.Clients$DefaultClientFlags) -> Zv4WpY0X7HBbj6dlrG23
net.scrumplex.sprummlbot.core.Clients$DefaultClientFlags -> net.scrumplex.sprummlbot.v9d7UHGMLCSrB5nW5P5A.v9d7UHGMLCSrB5nW5P5A:
    net.scrumplex.sprummlbot.core.Clients$DefaultClientFlags AFK -> qgZSyjGOVNPGbBZt5NUv
    net.scrumplex.sprummlbot.core.Clients$DefaultClientFlags NOTIFY -> v9d7UHGMLCSrB5nW5P5A
    java.lang.String flagName -> GoicqOVehRY68RCP7lXb
    java.lang.String toString() -> toString
net.scrumplex.sprummlbot.core.SprummlbotErrStream -> net.scrumplex.sprummlbot.v9d7UHGMLCSrB5nW5P5A.GoicqOVehRY68RCP7lXb:
    void println(java.lang.String) -> println
net.scrumplex.sprummlbot.core.SprummlbotOutStream -> net.scrumplex.sprummlbot.v9d7UHGMLCSrB5nW5P5A.Zv4WpY0X7HBbj6dlrG23:
    void println(java.lang.String) -> println
net.scrumplex.sprummlbot.core.SprummlbotThreadFactory -> net.scrumplex.sprummlbot.v9d7UHGMLCSrB5nW5P5A.B3ZVrvfLQhtD1BGEtWg:
    net.scrumplex.sprummlbot.plugins.SprummlbotPlugin plugin -> qgZSyjGOVNPGbBZt5NUv
    java.lang.Thread newThread(java.lang.Runnable) -> newThread
net.scrumplex.sprummlbot.module.AFKMover -> net.scrumplex.sprummlbot.module.AFKMover:
    int afkChannelId -> afkChannelId
    java.util.List channels -> channels
    boolean excludeMode -> excludeMode
    net.scrumplex.sprummlbot.wrapper.PermissionGroup whitelistGroup -> whitelistGroup
    int afkTime -> afkTime
    int afkConditionsMinimumMet -> afkConditionsMinimumMet
    java.util.List afkConditions -> afkConditions
    java.util.List afks -> afks
    java.util.List ids -> ids
    void load(org.ini4j.Profile$Section) -> load
    void start() -> start
    void stop() -> stop
    java.util.List access$100(net.scrumplex.sprummlbot.module.AFKMover) -> access$100
    int access$200(net.scrumplex.sprummlbot.module.AFKMover) -> access$200
    int access$300(net.scrumplex.sprummlbot.module.AFKMover) -> access$300
    net.scrumplex.sprummlbot.wrapper.PermissionGroup access$400(net.scrumplex.sprummlbot.module.AFKMover) -> access$400
    boolean access$500(net.scrumplex.sprummlbot.module.AFKMover) -> access$500
    java.util.List access$600(net.scrumplex.sprummlbot.module.AFKMover) -> access$600
    java.util.List access$700(net.scrumplex.sprummlbot.module.AFKMover) -> access$700
    int access$800(net.scrumplex.sprummlbot.module.AFKMover) -> access$800
net.scrumplex.sprummlbot.module.AFKMover$1 -> net.scrumplex.sprummlbot.module.qgZSyjGOVNPGbBZt5NUv:
    net.scrumplex.sprummlbot.module.AFKMover this$0 -> qgZSyjGOVNPGbBZt5NUv
    void handleEvent(com.github.theholywaffle.teamspeak3.api.event.ClientMovedEvent) -> handleEvent
net.scrumplex.sprummlbot.module.AFKMover$2 -> net.scrumplex.sprummlbot.module.v9d7UHGMLCSrB5nW5P5A:
    net.scrumplex.sprummlbot.module.AFKMover this$0 -> qgZSyjGOVNPGbBZt5NUv
    void handleEvent(com.github.theholywaffle.teamspeak3.api.event.ClientLeaveEvent) -> handleEvent
net.scrumplex.sprummlbot.module.AFKMover$Hook -> net.scrumplex.sprummlbot.module.GoicqOVehRY68RCP7lXb:
    net.scrumplex.sprummlbot.module.AFKMover this$0 -> qgZSyjGOVNPGbBZt5NUv
    void handle(java.util.List) -> qgZSyjGOVNPGbBZt5NUv
net.scrumplex.sprummlbot.module.AntiRecordingMessage -> net.scrumplex.sprummlbot.module.AntiRecordingMessage:
    net.scrumplex.sprummlbot.wrapper.PermissionGroup whitelistGroup -> whitelistGroup
    void load(org.ini4j.Profile$Section) -> load
    void start() -> start
    void stop() -> stop
net.scrumplex.sprummlbot.module.AntiRecordingMessage$Hook -> net.scrumplex.sprummlbot.module.Zv4WpY0X7HBbj6dlrG23:
    net.scrumplex.sprummlbot.wrapper.PermissionGroup whitelistGroup -> qgZSyjGOVNPGbBZt5NUv
    void handle(java.util.List) -> qgZSyjGOVNPGbBZt5NUv
net.scrumplex.sprummlbot.module.ChannelNotifier -> net.scrumplex.sprummlbot.module.ChannelNotifier:
    java.util.List channels -> channels
    boolean poke -> poke
    net.scrumplex.sprummlbot.wrapper.PermissionGroup notifyGroup -> notifyGroup
    java.lang.String msg -> msg
    java.util.List ids -> ids
    void load(org.ini4j.Profile$Section) -> load
    void start() -> start
    void stop() -> stop
    java.util.List access$000(net.scrumplex.sprummlbot.module.ChannelNotifier) -> access$000
    net.scrumplex.sprummlbot.wrapper.PermissionGroup access$100(net.scrumplex.sprummlbot.module.ChannelNotifier) -> access$100
    boolean access$200(net.scrumplex.sprummlbot.module.ChannelNotifier) -> access$200
    java.lang.String access$300(net.scrumplex.sprummlbot.module.ChannelNotifier) -> access$300
net.scrumplex.sprummlbot.module.ChannelNotifier$1 -> net.scrumplex.sprummlbot.module.B3ZVrvfLQhtD1BGEtWg:
    net.scrumplex.sprummlbot.module.ChannelNotifier this$0 -> qgZSyjGOVNPGbBZt5NUv
    void handleEvent(com.github.theholywaffle.teamspeak3.api.event.ClientMovedEvent) -> handleEvent
net.scrumplex.sprummlbot.module.ChannelNotifier$1$1 -> net.scrumplex.sprummlbot.module.pU9KwKC2ppIRCaiFhaek:
    com.github.theholywaffle.teamspeak3.api.event.ClientMovedEvent val$e -> v9d7UHGMLCSrB5nW5P5A
    net.scrumplex.sprummlbot.module.ChannelNotifier$1 this$1 -> qgZSyjGOVNPGbBZt5NUv
    void handleSuccess(java.lang.Object) -> handleSuccess
net.scrumplex.sprummlbot.module.ChannelNotifier$1$1$1 -> net.scrumplex.sprummlbot.module.EofATSK3OFqqbRjuc8sf:
    net.scrumplex.sprummlbot.module.ChannelNotifier$1$1 this$2 -> qgZSyjGOVNPGbBZt5NUv
    void handleSuccess(java.lang.Object) -> handleSuccess
net.scrumplex.sprummlbot.module.ChannelStats -> net.scrumplex.sprummlbot.module.ChannelStats:
    int channelId -> channelId
    java.lang.String name -> name
    void load(org.ini4j.Profile$Section) -> load
    void start() -> start
    int access$000(net.scrumplex.sprummlbot.module.ChannelStats) -> access$000
    java.lang.String access$100(net.scrumplex.sprummlbot.module.ChannelStats) -> access$100
net.scrumplex.sprummlbot.module.ChannelStats$1 -> net.scrumplex.sprummlbot.module.igA4LVuh1bDai6C7MDC3:
    net.scrumplex.sprummlbot.module.ChannelStats this$0 -> qgZSyjGOVNPGbBZt5NUv
    void handle(java.util.List) -> qgZSyjGOVNPGbBZt5NUv
net.scrumplex.sprummlbot.module.InvalidModuleException -> net.scrumplex.sprummlbot.module.InvalidModuleException:
net.scrumplex.sprummlbot.module.JoinMessage -> net.scrumplex.sprummlbot.module.JoinMessage:
    java.lang.String welcomemsg -> welcomemsg
    boolean sendCommandsList -> sendCommandsList
    net.scrumplex.sprummlbot.wrapper.PermissionGroup permGroup -> permGroup
    java.util.List ids -> ids
    void load(org.ini4j.Profile$Section) -> load
    void start() -> start
    void stop() -> stop
    net.scrumplex.sprummlbot.wrapper.PermissionGroup access$000(net.scrumplex.sprummlbot.module.JoinMessage) -> access$000
    java.lang.String access$100(net.scrumplex.sprummlbot.module.JoinMessage) -> access$100
    boolean access$200(net.scrumplex.sprummlbot.module.JoinMessage) -> access$200
net.scrumplex.sprummlbot.module.JoinMessage$1 -> net.scrumplex.sprummlbot.module.md3nHbhfwh4gUdnF0ILY:
    net.scrumplex.sprummlbot.module.JoinMessage this$0 -> qgZSyjGOVNPGbBZt5NUv
    void handleEvent(com.github.theholywaffle.teamspeak3.api.event.ClientJoinEvent) -> handleEvent
net.scrumplex.sprummlbot.module.Module -> net.scrumplex.sprummlbot.module.Module:
    java.lang.String type -> type
    net.scrumplex.sprummlbot.plugins.SprummlbotPlugin plugin -> plugin
    org.ini4j.Profile$Section section -> section
    net.scrumplex.sprummlbot.module.ModuleManager m -> m
    void initialize(java.lang.String,org.ini4j.Profile$Section) -> initialize
    void initialize(java.lang.String,net.scrumplex.sprummlbot.plugins.SprummlbotPlugin,org.ini4j.Profile$Section) -> initialize
    void preload() -> preload
    void load(org.ini4j.Profile$Section) -> load
    void start() -> start
    void stop() -> stop
    net.scrumplex.sprummlbot.service.MainService getMainService() -> getMainService
    net.scrumplex.sprummlbot.plugins.events.EventManager getEventManager() -> getEventManager
    void setModuleManager(net.scrumplex.sprummlbot.module.ModuleManager) -> setModuleManager
    void terminate() -> terminate
    net.scrumplex.sprummlbot.plugins.SprummlbotPlugin getPlugin() -> getPlugin
    java.lang.String getType() -> getType
    int compareTo(net.scrumplex.sprummlbot.module.Module) -> compareTo
    int compareTo(java.lang.Object) -> compareTo
net.scrumplex.sprummlbot.module.ModuleConfiguration -> net.scrumplex.sprummlbot.module.ModuleConfiguration:
    net.scrumplex.sprummlbot.plugins.Config conf -> conf
    void findModules() -> findModules
net.scrumplex.sprummlbot.module.ModuleException -> net.scrumplex.sprummlbot.module.ModuleException:
net.scrumplex.sprummlbot.module.ModuleInitException -> net.scrumplex.sprummlbot.module.ModuleInitException:
net.scrumplex.sprummlbot.module.ModuleLoadException -> net.scrumplex.sprummlbot.module.ModuleLoadException:
net.scrumplex.sprummlbot.module.ModuleManager -> net.scrumplex.sprummlbot.module.ModuleManager:
    java.util.Map moduleAssignments -> moduleAssignments
    java.util.Map modules -> modules
    void registerModuleType(java.lang.Class,java.lang.String) -> registerModuleType
    void handleConfigSection(org.ini4j.Profile$Section) -> handleConfigSection
    void startAllModules() -> startAllModules
    void startModule(net.scrumplex.sprummlbot.module.Module) -> startModule
    void stopAllModules() -> stopAllModules
    void stopAllFromPlugin(net.scrumplex.sprummlbot.plugins.SprummlbotPlugin) -> stopAllFromPlugin
    void stopModule(net.scrumplex.sprummlbot.module.Module) -> stopModule
net.scrumplex.sprummlbot.module.ModuleRegisterException -> net.scrumplex.sprummlbot.module.ModuleRegisterException:
net.scrumplex.sprummlbot.module.ServerGroupProtector -> net.scrumplex.sprummlbot.module.ServerGroupProtector:
    int groupId -> groupId
    java.util.List clients -> clients
    void load(org.ini4j.Profile$Section) -> load
    void start() -> start
    void stop() -> stop
    java.util.List getClients(org.ini4j.Profile$Section) -> getClients
net.scrumplex.sprummlbot.module.ServerGroupProtector$Hook -> net.scrumplex.sprummlbot.module.yKttB8l7Lvtb88ABEzqS:
    int groupId -> qgZSyjGOVNPGbBZt5NUv
    java.util.List uids -> v9d7UHGMLCSrB5nW5P5A
    com.github.theholywaffle.teamspeak3.TS3Api api -> GoicqOVehRY68RCP7lXb
    void handle(java.util.List) -> qgZSyjGOVNPGbBZt5NUv
net.scrumplex.sprummlbot.plugins.CommandHandler -> net.scrumplex.sprummlbot.plugins.CommandHandler:
    net.scrumplex.sprummlbot.wrapper.CommandResponse handleCommand(com.github.theholywaffle.teamspeak3.api.wrapper.ClientInfo,java.lang.String[]) -> handleCommand
net.scrumplex.sprummlbot.plugins.CommandManager -> net.scrumplex.sprummlbot.plugins.CommandManager:
    java.util.Map disabled -> disabled
    java.util.Map commands -> commands
    net.scrumplex.sprummlbot.Sprummlbot sprummlbot -> sprummlbot
    net.scrumplex.sprummlbot.wrapper.ChatCommand registerCommand(java.lang.String) -> registerCommand
    net.scrumplex.sprummlbot.wrapper.ChatCommand registerCommand(java.lang.String,java.lang.String) -> registerCommand
    void disableCommand(net.scrumplex.sprummlbot.wrapper.ChatCommand) -> disableCommand
    void disableCommand(net.scrumplex.sprummlbot.wrapper.ChatCommand,boolean) -> disableCommand
    void enableCommand(net.scrumplex.sprummlbot.wrapper.ChatCommand) -> enableCommand
    void setCommandPermissionGroup(net.scrumplex.sprummlbot.wrapper.ChatCommand,net.scrumplex.sprummlbot.wrapper.PermissionGroup) -> setCommandPermissionGroup
    boolean isCommandEnabled(net.scrumplex.sprummlbot.wrapper.ChatCommand) -> isCommandEnabled
    boolean isCommandDisabled(net.scrumplex.sprummlbot.wrapper.ChatCommand) -> isCommandDisabled
    java.lang.String buildHelpMessage(java.lang.String) -> buildHelpMessage
    java.lang.String buildHelpMessage(com.github.theholywaffle.teamspeak3.api.wrapper.Client) -> buildHelpMessage
    net.scrumplex.sprummlbot.wrapper.CommandResponse handleClientCommand(java.lang.String,com.github.theholywaffle.teamspeak3.api.wrapper.ClientInfo) -> handleClientCommand
    java.util.Map getCommands() -> getCommands
    java.util.Map getDisabledCommands() -> getDisabledCommands
net.scrumplex.sprummlbot.plugins.Config -> net.scrumplex.sprummlbot.plugins.Config:
    java.io.File f -> f
    org.ini4j.Ini ini -> ini
    org.ini4j.Ini defaultIni -> defaultIni
    boolean changed -> changed
    net.scrumplex.sprummlbot.plugins.Config setDefaultConfig(org.ini4j.Ini) -> setDefaultConfig
    net.scrumplex.sprummlbot.plugins.Config compare() -> compare
    boolean wasChanged() -> wasChanged
    void reload() -> reload
    org.ini4j.Ini getIni() -> getIni
net.scrumplex.sprummlbot.plugins.PluginClassLoader -> net.scrumplex.sprummlbot.plugins.PluginClassLoader:
    net.scrumplex.sprummlbot.plugins.SprummlbotPlugin plugin -> plugin
    java.util.Map classes -> classes
    boolean disabled -> disabled
    java.lang.Class findClass(java.lang.String) -> findClass
    void unload() -> unload
    net.scrumplex.sprummlbot.plugins.SprummlbotPlugin getPlugin() -> getPlugin
net.scrumplex.sprummlbot.plugins.PluginInfo -> net.scrumplex.sprummlbot.plugins.PluginInfo:
    java.lang.String pluginName -> pluginName
    java.lang.String pluginVersion -> pluginVersion
    java.lang.String[] pluginAuthors -> pluginAuthors
    java.io.File pluginFile -> pluginFile
    java.io.File pluginFolder -> pluginFolder
    java.lang.String mainClass -> mainClass
    java.lang.String getPluginName() -> getPluginName
    java.lang.String getPluginVersion() -> getPluginVersion
    java.lang.String[] getPluginAuthors() -> getPluginAuthors
    java.lang.String getPluginAuthor() -> getPluginAuthor
    java.io.File getPluginFile() -> getPluginFile
    java.io.File getPluginFolder() -> getPluginFolder
    java.lang.String getMainClass() -> getMainClass
net.scrumplex.sprummlbot.plugins.PluginLoadException -> net.scrumplex.sprummlbot.plugins.qgZSyjGOVNPGbBZt5NUv:
net.scrumplex.sprummlbot.plugins.PluginManager -> net.scrumplex.sprummlbot.plugins.PluginManager:
    java.util.Map plugins -> plugins
    java.util.Map classLoaders -> classLoaders
    net.scrumplex.sprummlbot.Sprummlbot sprummlbot -> sprummlbot
    boolean load(java.io.File) -> load
    boolean unload(java.io.File) -> unload
    void loadAll() -> loadAll
    void unloadAll() -> unloadAll
    java.util.List getPlugins() -> getPlugins
    net.scrumplex.sprummlbot.plugins.SprummlbotPlugin getPluginByFile(java.io.File) -> getPluginByFile
    net.scrumplex.sprummlbot.plugins.SprummlbotPlugin getPluginByName(java.lang.String) -> getPluginByName
    boolean isLoaded(net.scrumplex.sprummlbot.plugins.SprummlbotPlugin) -> isLoaded
    boolean isLoaded(java.lang.String) -> isLoaded
net.scrumplex.sprummlbot.plugins.SprummlTasker -> net.scrumplex.sprummlbot.plugins.SprummlTasker:
    java.util.concurrent.ExecutorService executor -> executor
    java.util.concurrent.ScheduledExecutorService scheduler -> scheduler
    java.util.concurrent.Future createThread(java.lang.Runnable) -> createThread
    java.util.concurrent.Future createThread(java.util.concurrent.RunnableFuture) -> createThread
    java.util.concurrent.ScheduledFuture createScheduledTimerRunnable(java.lang.Runnable,long,long,java.util.concurrent.TimeUnit) -> createScheduledTimerRunnable
    java.util.concurrent.ScheduledFuture createDelayedRunnable(java.lang.Runnable,long,java.util.concurrent.TimeUnit) -> createDelayedRunnable
    java.util.concurrent.ScheduledFuture createDelayedCallable(java.util.concurrent.Callable,long,java.util.concurrent.TimeUnit) -> createDelayedCallable
    void shutdown() -> shutdown
net.scrumplex.sprummlbot.plugins.SprummlbotPlugin -> net.scrumplex.sprummlbot.plugins.SprummlbotPlugin:
    net.scrumplex.sprummlbot.plugins.PluginInfo info -> info
    net.scrumplex.sprummlbot.Sprummlbot sprummlbot -> sprummlbot
    net.scrumplex.sprummlbot.plugins.events.EventManager eventMgr -> eventMgr
    java.io.File configFile -> configFile
    net.scrumplex.sprummlbot.plugins.PluginClassLoader loader -> loader
    net.scrumplex.sprummlbot.plugins.SprummlTasker tasker -> tasker
    void initialize(net.scrumplex.sprummlbot.plugins.PluginClassLoader,net.scrumplex.sprummlbot.plugins.SprummlTasker,net.scrumplex.sprummlbot.plugins.events.EventManager,net.scrumplex.sprummlbot.plugins.PluginInfo,net.scrumplex.sprummlbot.Sprummlbot) -> initialize
    void unload() -> unload
    net.scrumplex.sprummlbot.plugins.Config getConfig() -> getConfig
    net.scrumplex.sprummlbot.plugins.PluginClassLoader getClassLoader() -> getClassLoader
    net.scrumplex.sprummlbot.plugins.CommandManager getCommandManager() -> getCommandManager
    net.scrumplex.sprummlbot.plugins.PluginManager getPluginManager() -> getPluginManager
    net.scrumplex.sprummlbot.Sprummlbot getSprummlbot() -> getSprummlbot
    net.scrumplex.sprummlbot.plugins.SprummlTasker getTasker() -> getTasker
    net.scrumplex.sprummlbot.wrapper.State getSprummlbotState() -> getSprummlbotState
    net.scrumplex.sprummlbot.plugins.events.EventManager getEventManager() -> getEventManager
    void onEnable() -> onEnable
    void onDisable() -> onDisable
    com.github.theholywaffle.teamspeak3.TS3ApiAsync getAPI() -> getAPI
    net.scrumplex.sprummlbot.plugins.PluginInfo getPluginInfo() -> getPluginInfo
    boolean equals(java.lang.Object) -> equals
net.scrumplex.sprummlbot.plugins.events.ChannelCreateEventHandler -> net.scrumplex.sprummlbot.plugins.events.ChannelCreateEventHandler:
    void handleEvent(com.github.theholywaffle.teamspeak3.api.event.ChannelCreateEvent) -> handleEvent
net.scrumplex.sprummlbot.plugins.events.ChannelDeleteEventHandler -> net.scrumplex.sprummlbot.plugins.events.ChannelDeleteEventHandler:
    void handleEvent(com.github.theholywaffle.teamspeak3.api.event.ChannelDeletedEvent) -> handleEvent
net.scrumplex.sprummlbot.plugins.events.ChannelDescriptionEditEventHandler -> net.scrumplex.sprummlbot.plugins.events.ChannelDescriptionEditEventHandler:
    void handleEvent(com.github.theholywaffle.teamspeak3.api.event.ChannelDescriptionEditedEvent) -> handleEvent
net.scrumplex.sprummlbot.plugins.events.ChannelEditEventHandler -> net.scrumplex.sprummlbot.plugins.events.ChannelEditEventHandler:
    void handleEvent(com.github.theholywaffle.teamspeak3.api.event.ChannelEditedEvent) -> handleEvent
net.scrumplex.sprummlbot.plugins.events.ChannelMovedEventHandler -> net.scrumplex.sprummlbot.plugins.events.ChannelMovedEventHandler:
    void handleEvent(com.github.theholywaffle.teamspeak3.api.event.ChannelMovedEvent) -> handleEvent
net.scrumplex.sprummlbot.plugins.events.ChannelPasswordChangedEventHandler -> net.scrumplex.sprummlbot.plugins.events.ChannelPasswordChangedEventHandler:
    void handleEvent(com.github.theholywaffle.teamspeak3.api.event.ChannelPasswordChangedEvent) -> handleEvent
net.scrumplex.sprummlbot.plugins.events.ClientJoinEventHandler -> net.scrumplex.sprummlbot.plugins.events.ClientJoinEventHandler:
    void handleEvent(com.github.theholywaffle.teamspeak3.api.event.ClientJoinEvent) -> handleEvent
net.scrumplex.sprummlbot.plugins.events.ClientMoveEventHandler -> net.scrumplex.sprummlbot.plugins.events.ClientMoveEventHandler:
    void handleEvent(com.github.theholywaffle.teamspeak3.api.event.ClientMovedEvent) -> handleEvent
net.scrumplex.sprummlbot.plugins.events.ClientPrivilegeKeyUsedEventHandler -> net.scrumplex.sprummlbot.plugins.events.ClientPrivilegeKeyUsedEventHandler:
    void handleEvent(com.github.theholywaffle.teamspeak3.api.event.PrivilegeKeyUsedEvent) -> handleEvent
net.scrumplex.sprummlbot.plugins.events.ClientQuitEventHandler -> net.scrumplex.sprummlbot.plugins.events.ClientQuitEventHandler:
    void handleEvent(com.github.theholywaffle.teamspeak3.api.event.ClientLeaveEvent) -> handleEvent
net.scrumplex.sprummlbot.plugins.events.EventManager -> net.scrumplex.sprummlbot.plugins.events.EventManager:
    net.scrumplex.sprummlbot.plugins.SprummlbotPlugin plugin -> plugin
    java.util.Map channelCreateEvents -> channelCreateEvents
    java.util.Map channelEditEvents -> channelEditEvents
    java.util.Map channelDeleteEvents -> channelDeleteEvents
    java.util.Map channelDescChangeEvents -> channelDescChangeEvents
    java.util.Map channelMoveEvents -> channelMoveEvents
    java.util.Map channelPasswordChangeEvents -> channelPasswordChangeEvents
    java.util.Map joinEvents -> joinEvents
    java.util.Map quitEvents -> quitEvents
    java.util.Map movedEvents -> movedEvents
    java.util.Map serverEditEvents -> serverEditEvents
    java.util.Map textMessageEvents -> textMessageEvents
    java.util.Map privilegeKeyUsedEvents -> privilegeKeyUsedEvents
    boolean preprocessEvent() -> preprocessEvent
    void fireEvent(com.github.theholywaffle.teamspeak3.api.event.ChannelDescriptionEditedEvent) -> fireEvent
    void fireEvent(com.github.theholywaffle.teamspeak3.api.event.PrivilegeKeyUsedEvent) -> fireEvent
    void fireEvent(com.github.theholywaffle.teamspeak3.api.event.ChannelMovedEvent) -> fireEvent
    void fireEvent(com.github.theholywaffle.teamspeak3.api.event.ChannelPasswordChangedEvent) -> fireEvent
    void fireEvent(com.github.theholywaffle.teamspeak3.api.event.ChannelCreateEvent) -> fireEvent
    void fireEvent(com.github.theholywaffle.teamspeak3.api.event.ChannelEditedEvent) -> fireEvent
    void fireEvent(com.github.theholywaffle.teamspeak3.api.event.ChannelDeletedEvent) -> fireEvent
    void fireEvent(com.github.theholywaffle.teamspeak3.api.event.ClientJoinEvent) -> fireEvent
    void fireEvent(com.github.theholywaffle.teamspeak3.api.event.ClientLeaveEvent) -> fireEvent
    void fireEvent(com.github.theholywaffle.teamspeak3.api.event.ServerEditedEvent) -> fireEvent
    void fireEvent(com.github.theholywaffle.teamspeak3.api.event.ClientMovedEvent) -> fireEvent
    void fireEvent(com.github.theholywaffle.teamspeak3.api.event.TextMessageEvent) -> fireEvent
    int addEventListener(net.scrumplex.sprummlbot.plugins.events.ChannelDescriptionEditEventHandler) -> addEventListener
    int addEventListener(net.scrumplex.sprummlbot.plugins.events.ClientPrivilegeKeyUsedEventHandler) -> addEventListener
    int addEventListener(net.scrumplex.sprummlbot.plugins.events.ChannelMovedEventHandler) -> addEventListener
    int addEventListener(net.scrumplex.sprummlbot.plugins.events.ChannelPasswordChangedEventHandler) -> addEventListener
    int addEventListener(net.scrumplex.sprummlbot.plugins.events.ChannelCreateEventHandler) -> addEventListener
    int addEventListener(net.scrumplex.sprummlbot.plugins.events.ChannelEditEventHandler) -> addEventListener
    int addEventListener(net.scrumplex.sprummlbot.plugins.events.ChannelDeleteEventHandler) -> addEventListener
    int addEventListener(net.scrumplex.sprummlbot.plugins.events.ClientJoinEventHandler) -> addEventListener
    int addEventListener(net.scrumplex.sprummlbot.plugins.events.ClientQuitEventHandler) -> addEventListener
    int addEventListener(net.scrumplex.sprummlbot.plugins.events.ServerEditEventHandler) -> addEventListener
    int addEventListener(net.scrumplex.sprummlbot.plugins.events.ClientMoveEventHandler) -> addEventListener
    int addEventListener(net.scrumplex.sprummlbot.plugins.events.TextMessageEventHandler) -> addEventListener
    void removeEventListener(int) -> removeEventListener
    int getRandomID() -> getRandomID
net.scrumplex.sprummlbot.plugins.events.ServerEditEventHandler -> net.scrumplex.sprummlbot.plugins.events.ServerEditEventHandler:
    void handleEvent(com.github.theholywaffle.teamspeak3.api.event.ServerEditedEvent) -> handleEvent
net.scrumplex.sprummlbot.plugins.events.TextMessageEventHandler -> net.scrumplex.sprummlbot.plugins.events.TextMessageEventHandler:
    void handleEvent(com.github.theholywaffle.teamspeak3.api.event.TextMessageEvent) -> handleEvent
net.scrumplex.sprummlbot.service.MainService -> net.scrumplex.sprummlbot.GoicqOVehRY68RCP7lXb.qgZSyjGOVNPGbBZt5NUv:
    long tick -> qgZSyjGOVNPGbBZt5NUv
    java.util.concurrent.ScheduledExecutorService service -> v9d7UHGMLCSrB5nW5P5A
    java.util.Map hooks -> GoicqOVehRY68RCP7lXb
    void start() -> qgZSyjGOVNPGbBZt5NUv
    void hook(net.scrumplex.sprummlbot.module.Module,net.scrumplex.sprummlbot.service.ServiceHook) -> qgZSyjGOVNPGbBZt5NUv
    void unhook(net.scrumplex.sprummlbot.module.Module) -> qgZSyjGOVNPGbBZt5NUv
    java.util.Map access$000(net.scrumplex.sprummlbot.service.MainService) -> qgZSyjGOVNPGbBZt5NUv
net.scrumplex.sprummlbot.service.MainService$1 -> net.scrumplex.sprummlbot.GoicqOVehRY68RCP7lXb.v9d7UHGMLCSrB5nW5P5A:
    net.scrumplex.sprummlbot.service.MainService this$0 -> qgZSyjGOVNPGbBZt5NUv
    void run() -> run
net.scrumplex.sprummlbot.service.MainService$1$1 -> net.scrumplex.sprummlbot.GoicqOVehRY68RCP7lXb.GoicqOVehRY68RCP7lXb:
    net.scrumplex.sprummlbot.service.MainService$1 this$1 -> qgZSyjGOVNPGbBZt5NUv
    void handleSuccess(java.lang.Object) -> handleSuccess
net.scrumplex.sprummlbot.service.ServiceHook -> net.scrumplex.sprummlbot.GoicqOVehRY68RCP7lXb.Zv4WpY0X7HBbj6dlrG23:
    void handle(java.util.List) -> qgZSyjGOVNPGbBZt5NUv
net.scrumplex.sprummlbot.tools.EasyMethods -> net.scrumplex.sprummlbot.Zv4WpY0X7HBbj6dlrG23.qgZSyjGOVNPGbBZt5NUv:
    java.lang.String decodeHTTPString(java.lang.String) -> qgZSyjGOVNPGbBZt5NUv
    java.util.List convertArrayToList(int[]) -> qgZSyjGOVNPGbBZt5NUv
    java.lang.String randomString() -> qgZSyjGOVNPGbBZt5NUv
    java.lang.String convertThrowableToString(java.lang.Throwable) -> qgZSyjGOVNPGbBZt5NUv
    void writeToFile(java.io.File,java.lang.String) -> qgZSyjGOVNPGbBZt5NUv
    java.lang.String getPublicIP() -> v9d7UHGMLCSrB5nW5P5A
    java.lang.String md5Hex(java.lang.String) -> v9d7UHGMLCSrB5nW5P5A
    java.lang.String convertStreamToString(java.io.InputStream) -> qgZSyjGOVNPGbBZt5NUv
    byte[] convertStreamToByteArray(java.io.InputStream) -> v9d7UHGMLCSrB5nW5P5A
    void writeByteArrayToFile(java.io.File,byte[]) -> qgZSyjGOVNPGbBZt5NUv
    void handle(java.lang.Throwable,java.lang.String) -> qgZSyjGOVNPGbBZt5NUv
    void handle(java.lang.Throwable,java.lang.String,boolean) -> qgZSyjGOVNPGbBZt5NUv
    void handlePluginError(java.lang.Throwable,net.scrumplex.sprummlbot.plugins.SprummlbotPlugin) -> qgZSyjGOVNPGbBZt5NUv
    void handlePluginError(java.lang.Throwable,net.scrumplex.sprummlbot.plugins.SprummlbotPlugin,java.lang.String) -> qgZSyjGOVNPGbBZt5NUv
    void handlePluginError(java.lang.Throwable,java.io.File) -> qgZSyjGOVNPGbBZt5NUv
    void handlePluginError(java.lang.Throwable,java.io.File,java.lang.String) -> qgZSyjGOVNPGbBZt5NUv
net.scrumplex.sprummlbot.vpn.VPNChecker -> net.scrumplex.sprummlbot.B3ZVrvfLQhtD1BGEtWg.qgZSyjGOVNPGbBZt5NUv:
    java.lang.String ip -> qgZSyjGOVNPGbBZt5NUv
    java.lang.String uid -> v9d7UHGMLCSrB5nW5P5A
    boolean isBlocked() -> qgZSyjGOVNPGbBZt5NUv
net.scrumplex.sprummlbot.vpn.VPNConfig -> net.scrumplex.sprummlbot.B3ZVrvfLQhtD1BGEtWg.v9d7UHGMLCSrB5nW5P5A:
    org.ini4j.Ini ini -> qgZSyjGOVNPGbBZt5NUv
    org.ini4j.Profile$Section sec -> v9d7UHGMLCSrB5nW5P5A
    void validate() -> qgZSyjGOVNPGbBZt5NUv
    void save() -> v9d7UHGMLCSrB5nW5P5A
    boolean isBlocked(java.lang.String) -> qgZSyjGOVNPGbBZt5NUv
    void add(java.lang.String) -> v9d7UHGMLCSrB5nW5P5A
net.scrumplex.sprummlbot.webinterface.Basics -> net.scrumplex.sprummlbot.pU9KwKC2ppIRCaiFhaek.qgZSyjGOVNPGbBZt5NUv:
    java.lang.String getRedirection(java.lang.String) -> qgZSyjGOVNPGbBZt5NUv
    byte[] getQRCode(java.lang.String) -> v9d7UHGMLCSrB5nW5P5A
net.scrumplex.sprummlbot.webinterface.FileLoader -> net.scrumplex.sprummlbot.pU9KwKC2ppIRCaiFhaek.v9d7UHGMLCSrB5nW5P5A:
    java.util.Map files -> qgZSyjGOVNPGbBZt5NUv
    void unpackDefaults() -> qgZSyjGOVNPGbBZt5NUv
    byte[] getFile(java.lang.String) -> qgZSyjGOVNPGbBZt5NUv
net.scrumplex.sprummlbot.webinterface.MainHandler -> net.scrumplex.sprummlbot.pU9KwKC2ppIRCaiFhaek.GoicqOVehRY68RCP7lXb:
    void handle(com.sun.net.httpserver.HttpExchange) -> handle
net.scrumplex.sprummlbot.webinterface.ManageHandler -> net.scrumplex.sprummlbot.pU9KwKC2ppIRCaiFhaek.Zv4WpY0X7HBbj6dlrG23:
    void handle(com.sun.net.httpserver.HttpExchange) -> handle
net.scrumplex.sprummlbot.webinterface.RESTHandler -> net.scrumplex.sprummlbot.pU9KwKC2ppIRCaiFhaek.B3ZVrvfLQhtD1BGEtWg:
    void handle(com.sun.net.httpserver.HttpExchange) -> handle
net.scrumplex.sprummlbot.webinterface.RESTHandler$1 -> net.scrumplex.sprummlbot.pU9KwKC2ppIRCaiFhaek.pU9KwKC2ppIRCaiFhaek:
    int compare(java.lang.Object,java.lang.Object) -> compare
net.scrumplex.sprummlbot.webinterface.RESTHandler$2 -> net.scrumplex.sprummlbot.pU9KwKC2ppIRCaiFhaek.EofATSK3OFqqbRjuc8sf:
    int compare(java.lang.Object,java.lang.Object) -> compare
net.scrumplex.sprummlbot.webinterface.WebServerManager -> net.scrumplex.sprummlbot.pU9KwKC2ppIRCaiFhaek.igA4LVuh1bDai6C7MDC3:
    java.util.List blocked -> qgZSyjGOVNPGbBZt5NUv
    com.sun.net.httpserver.HttpServer server -> v9d7UHGMLCSrB5nW5P5A
    void start() -> qgZSyjGOVNPGbBZt5NUv
    void stop() -> v9d7UHGMLCSrB5nW5P5A
    void respond(com.sun.net.httpserver.HttpExchange,int,java.lang.String,java.lang.String) -> qgZSyjGOVNPGbBZt5NUv
    void respond(com.sun.net.httpserver.HttpExchange,byte[],java.lang.String) -> qgZSyjGOVNPGbBZt5NUv
    java.util.List access$000() -> GoicqOVehRY68RCP7lXb
net.scrumplex.sprummlbot.webinterface.WebServerManager$1 -> net.scrumplex.sprummlbot.pU9KwKC2ppIRCaiFhaek.md3nHbhfwh4gUdnF0ILY:
    com.sun.net.httpserver.Authenticator$Result authenticate(com.sun.net.httpserver.HttpExchange) -> authenticate
net.scrumplex.sprummlbot.webinterface.WebServerManager$1$1 -> net.scrumplex.sprummlbot.pU9KwKC2ppIRCaiFhaek.yKttB8l7Lvtb88ABEzqS:
    com.sun.net.httpserver.HttpExchange val$httpRequest -> qgZSyjGOVNPGbBZt5NUv
    void run() -> run
net.scrumplex.sprummlbot.webinterface.WebServerManager$2 -> net.scrumplex.sprummlbot.pU9KwKC2ppIRCaiFhaek.Edbw69C30UgVp2ocKByJ:
    com.sun.net.httpserver.Authenticator$Result authenticate(com.sun.net.httpserver.HttpExchange) -> authenticate
net.scrumplex.sprummlbot.webinterface.WebServerManager$2$1 -> net.scrumplex.sprummlbot.pU9KwKC2ppIRCaiFhaek.p3qsLWuGbzc0VpuSX7fl:
    com.sun.net.httpserver.HttpExchange val$httpRequest -> qgZSyjGOVNPGbBZt5NUv
    void run() -> run
net.scrumplex.sprummlbot.webinterface.WebServerManager$3 -> net.scrumplex.sprummlbot.pU9KwKC2ppIRCaiFhaek.nsEo5EnMUO99qwl4QERu:
    void handle(com.sun.net.httpserver.HttpExchange) -> handle
net.scrumplex.sprummlbot.wrapper.ChatCommand -> net.scrumplex.sprummlbot.wrapper.ChatCommand:
    java.lang.String command -> command
    java.lang.String usage -> usage
    net.scrumplex.sprummlbot.plugins.CommandHandler commandHandler -> commandHandler
    net.scrumplex.sprummlbot.plugins.SprummlbotPlugin plugin -> plugin
    net.scrumplex.sprummlbot.wrapper.PermissionGroup permissionGroup -> permissionGroup
    net.scrumplex.sprummlbot.wrapper.CommandResponse handle(java.lang.String,com.github.theholywaffle.teamspeak3.api.wrapper.ClientInfo) -> handle
    java.lang.String getCommandName() -> getCommandName
    java.lang.String getCommandUsage() -> getCommandUsage
    net.scrumplex.sprummlbot.plugins.SprummlbotPlugin getCommandPlugin() -> getCommandPlugin
    void setCommandHandler(net.scrumplex.sprummlbot.plugins.SprummlbotPlugin,net.scrumplex.sprummlbot.plugins.CommandHandler) -> setCommandHandler
    void setPermissionGroup(net.scrumplex.sprummlbot.wrapper.PermissionGroup) -> setPermissionGroup
    void setPermissionGroup(java.lang.String) -> setPermissionGroup
    int compareTo(net.scrumplex.sprummlbot.wrapper.ChatCommand) -> compareTo
    net.scrumplex.sprummlbot.wrapper.PermissionGroup getPermissionGroup() -> getPermissionGroup
    int compareTo(java.lang.Object) -> compareTo
net.scrumplex.sprummlbot.wrapper.CommandResponse -> net.scrumplex.sprummlbot.wrapper.CommandResponse:
    net.scrumplex.sprummlbot.wrapper.CommandResponse SUCCESS -> SUCCESS
    net.scrumplex.sprummlbot.wrapper.CommandResponse ERROR -> ERROR
    net.scrumplex.sprummlbot.wrapper.CommandResponse FORBIDDEN -> FORBIDDEN
    net.scrumplex.sprummlbot.wrapper.CommandResponse SYNTAX_ERROR -> SYNTAX_ERROR
    net.scrumplex.sprummlbot.wrapper.CommandResponse INTERNAL_ERROR -> INTERNAL_ERROR
    net.scrumplex.sprummlbot.wrapper.CommandResponse NOT_FOUND -> NOT_FOUND
    net.scrumplex.sprummlbot.wrapper.CommandResponse[] $VALUES -> $VALUES
    net.scrumplex.sprummlbot.wrapper.CommandResponse[] values() -> values
    net.scrumplex.sprummlbot.wrapper.CommandResponse valueOf(java.lang.String) -> valueOf
net.scrumplex.sprummlbot.wrapper.PermissionGroup -> net.scrumplex.sprummlbot.wrapper.PermissionGroup:
    java.lang.String name -> name
    java.util.List clients -> clients
    java.util.List groups -> groups
    java.util.List includes -> includes
    java.util.Map cachedClients -> cachedClients
    void addClient(java.lang.String) -> addClient
    void removeClient(java.lang.String) -> removeClient
    void addGroup(int) -> addGroup
    void addIncludingPermissionGroup(java.lang.String) -> addIncludingPermissionGroup
    void clearCache() -> clearCache
    boolean isClientInGroup(java.lang.String) -> isClientInGroup
    boolean isClientInGroupNoCache(java.lang.String) -> isClientInGroupNoCache
    java.lang.String getName() -> getName
    net.scrumplex.sprummlbot.wrapper.PermissionGroup getPermissionGroupByName(java.lang.String) -> getPermissionGroupByName
    java.util.List getPermissionGroups() -> getPermissionGroups
net.scrumplex.sprummlbot.wrapper.State -> net.scrumplex.sprummlbot.wrapper.State:
    net.scrumplex.sprummlbot.wrapper.State STARTING -> STARTING
    net.scrumplex.sprummlbot.wrapper.State CONNECTING -> CONNECTING
    net.scrumplex.sprummlbot.wrapper.State RECONNECTING -> RECONNECTING
    net.scrumplex.sprummlbot.wrapper.State RUNNING -> RUNNING
    net.scrumplex.sprummlbot.wrapper.State STOPPING -> STOPPING
    net.scrumplex.sprummlbot.wrapper.State[] $VALUES -> $VALUES
    net.scrumplex.sprummlbot.wrapper.State[] values() -> values
    net.scrumplex.sprummlbot.wrapper.State valueOf(java.lang.String) -> valueOf
